<svg width='16' height='16'
     xmlns:gpa='https://www.gtk.org/grappa'
     gpa:version='2'>
  <path d='M2.00 2.00L7.00 2.00'
stroke='none'
fill='rgb(0,0,0)'
gpa:fill='foreground'/>
  <path d='M2.00 1.75L7.00 1.75L7.00 2.25L2.00 2.25L2.00 1.75Z'
stroke='none'
fill='rgb(0,0,0)'
gpa:fill='foreground'/>
  <path d='M6.00 1.00L8.00 2.00L6.00 3.00Z'
stroke='none'
fill='rgb(0,0,0)'
gpa:fill='foreground'/>
  <path d='M2.00 5.00L10.00 10.00'
stroke='none'
fill='rgb(0,0,0)'
gpa:fill='foreground'/>
  <path d='M2.13 4.79L10.13 9.79L9.87 10.21L1.87 5.21L2.13 4.79Z'
stroke='none'
fill='rgb(0,0,0)'
gpa:fill='foreground'/>
  <path d='M2.11 11.78L6.11 13.78L6.00 14.00L5.89 13.78L9.89 11.78L10.11 12.22L6.00 14.28L1.89 12.22L2.11 11.78Z'
stroke='none'
fill='rgb(0,0,0)'
gpa:fill='foreground'/>
  <path d='M1.55 10.66L2.89 12.45L0.66 12.45Z'
stroke='none'
fill='rgb(0,0,0)'
gpa:fill='foreground'/>
  <path d='M5.00 13.00L7.00 14.00L5.00 15.00Z'
stroke='none'
fill='rgb(0,0,0)'
gpa:fill='foreground'/>
  <path d='M8.66 11.55L10.89 11.55L9.55 13.34Z'
stroke='none'
fill='rgb(0,0,0)'
gpa:fill='foreground'/>
  <path d='M10.00 2.00L14.00 2.00'
stroke='none'
fill='rgb(0,0,0)'
gpa:fill='foreground'/>
  <path d='M10.00 1.75L14.00 1.75L14.00 2.25L10.00 2.25L10.00 1.75Z'
stroke='none'
fill='rgb(0,0,0)'
gpa:fill='foreground'/>
  <path d='M10.00 5.00L14.00 5.00'
stroke='none'
fill='rgb(0,0,0)'
gpa:fill='foreground'/>
  <path d='M10.00 4.75L14.00 4.75L14.00 5.25L10.00 5.25L10.00 4.75Z'
stroke='none'
fill='rgb(0,0,0)'
gpa:fill='foreground'/>
  <path d='M14.00 5.00L15.00 6.00'
stroke='none'
fill='rgb(0,0,0)'
gpa:fill='foreground'/>
  <path d='M14.18 4.82L15.18 5.82L14.82 6.18L13.82 5.18L14.18 4.82Z'
stroke='none'
fill='rgb(0,0,0)'
gpa:fill='foreground'/>
  <path d='M10.00 7.00L14.00 7.00'
stroke='none'
fill='rgb(0,0,0)'
gpa:fill='foreground'/>
  <path d='M10.00 6.75L14.00 6.75L14.00 7.25L10.00 7.25L10.00 6.75Z'
stroke='none'
fill='rgb(0,0,0)'
gpa:fill='foreground'/>
  <path d='M10.00 9.00L14.00 9.00'
stroke='none'
fill='rgb(0,0,0)'
gpa:fill='foreground'/>
  <path d='M10.00 8.75L14.00 8.75L14.00 9.25L10.00 9.25L10.00 8.75Z'
stroke='none'
fill='rgb(0,0,0)'
gpa:fill='foreground'/>
</svg>
